// Jest Snapshot v1, https://goo.gl/fbAQLP

exports[`LoginForm component renders a form.LoginForm by default 1`] = `
<div
  className="LoginForm_head"
>
  <form
    className="LoginForm"
    onSubmit={[Function]}
  >
    <div
      role="alert"
    />
    <Navbar />
    <header>
      <h1>
        Login to your account
      </h1>
    </header>
    <section
      className="Login_section"
    >
      <div
        className="username"
      >
        <label
          className="label"
          htmlFor="LoginForm__username"
        >
          Username 
          <Required />
        </label>
        <Input
          id="LoginForm__username"
          name="username"
          placeholder="Enter Username"
          required={true}
        />
      </div>
      <div
        className="password"
      >
        <label
          className="label"
          htmlFor="LoginForm__password"
        >
          Password 
          <Required />
        </label>
        <Input
          id="LoginForm__password"
          name="password"
          placeholder="Enter Password"
          required={true}
          type="password"
        />
      </div>
      <Button
        className="submit"
        type="submit"
      >
        Login
      </Button>
    </section>
  </form>
</div>
`;

exports[`LoginForm component renders the LoginForm given props 1`] = `
<div
  className="LoginForm_head"
>
  <form
    className="LoginForm"
    onSubmit={[Function]}
  >
    <div
      role="alert"
    />
    <Navbar />
    <header>
      <h1>
        Login to your account
      </h1>
    </header>
    <section
      className="Login_section"
    >
      <div
        className="username"
      >
        <label
          className="label"
          htmlFor="LoginForm__username"
        >
          Username 
          <Required />
        </label>
        <Input
          id="LoginForm__username"
          name="username"
          placeholder="Enter Username"
          required={true}
        />
      </div>
      <div
        className="password"
      >
        <label
          className="label"
          htmlFor="LoginForm__password"
        >
          Password 
          <Required />
        </label>
        <Input
          id="LoginForm__password"
          name="password"
          placeholder="Enter Password"
          required={true}
          type="password"
        />
      </div>
      <Button
        className="submit"
        type="submit"
      >
        Login
      </Button>
    </section>
  </form>
</div>
`;
